// Jest Snapshot v1, https://goo.gl/fbAQLP

exports[`<TaskSelectionField /> renders 1`] = `"<form><div class=\\"field\\"><label class=\\"label\\">task</label><div class=\\"control\\"><button class=\\"button TaskSelectionField__SelectButton-cWKMVi gcdYcW\\" form=\\"test\\">Select a Task</button><div></div></div></div></form>"`;
