// Jest Snapshot v1, https://goo.gl/fbAQLP

exports[`<PeoplePage /> renders 1`] = `"<div class=\\"kowalski-react-basic-container PeoplePage__MainContainerWrapper-kgxPKm blPnBe\\"><!-- react-empty: 2 --><div class=\\"PeoplePage__TitleBar-dhiXIa gAyozb\\"><h1 class=\\"PeoplePage__PageTitle-dbaXBP iiJKgw\\"><span>People</span></h1></div><div class=\\"PeoplePage__PersonListWrapper-dEbFOF feLAOG\\"><div class=\\"css-jxiqlq\\"><div class=\\"css-1lt1sep\\"></div><div class=\\"css-1vahj0q\\"></div></div></div><!-- react-empty: 9 --></div>"`;
