// Jest Snapshot v1, https://goo.gl/fbAQLP

exports[`<ProjectPage /> renders 1`] = `"<div class=\\"Container__Container-dkRPdu cfjYIa\\"><div class=\\"Wrapper__Wrapper-cZxMuO hQAGbr\\"><div class=\\"ProjectSelectorWrapper__ProjectSelectorWrapper-csQcIx iYhmUQ\\"><div></div></div><div class=\\"ProjectPaneWrapper__ProjectPaneWrapper-ehuMBP erTuFr\\"><div></div><div class=\\"tabs ProjectPaneTabBar__TabsWrapper-cfNKjD duRwLX\\"><ul><li class=\\"is-active\\"><a role=\\"button\\" tabindex=\\"0\\">General</a></li><li class=\\"\\"><a role=\\"button\\" tabindex=\\"0\\">Activities</a></li></ul></div><div class=\\"TabContentWrapper__TabContentWrapper-kxUKT cOokgi\\"></div></div></div></div>"`;
