// Jest Snapshot v1, https://goo.gl/fbAQLP

exports[`<DayColumn /> renders 1`] = `"<div class=\\"DayColumn__Wrapper-giFadl feTokT\\"><div class=\\"DayColumn__DayLabelWrapper-jaSPPb cLwSvO\\"><p>Sat</p><p>1</p></div><div class=\\"DayColumn__SlotsContainer-cgmRlA eZlanx\\"><a class=\\"DayColumn-liHHnR iNefHI\\" title=\\"[PROJ] - ANTN\\"><p>0:30</p><p class=\\"DayColumn__TimeRecordDescription-cCWFuD tBBVG\\">[PROJ] - ANTN</p></a><a class=\\"DayColumn-kJKGTl cBRRAS\\" title=\\"[PROJ] - Undefined activity Name - Undefined task Name\\"><p>0:45</p><p class=\\"DayColumn__TimeRecordDescription-cCWFuD tBBVG\\">[PROJ] - Undefined activity Name - Undefined task Name</p></a><a class=\\"sc-bdVaJa jAqPUd\\" role=\\"button\\" tabindex=\\"0\\">+</a></div></div>"`;
